aya
geus
ayana
samentara éta
rada
panginten
jadina
bakal
bakal
tungtung
tungtung
tungtungna
abdi
abdi
pisan
pisan
anjeun
anjeun
antawis
antawis
diantara aranjeunna
naon
naon
upami
geus
utamina
inkonday
eta hartina
asal
disadiakeun
dina
atawa
atanapi éta
atawa
mimiti
mimitina
siga
siga
kumaha
kumaha
kumaha oge
keur
bagean
sanajan
anu
anu
saé
bakal
bade
uih deui
loba
bapa
anyar
handap
sajumlah
neuteup
ieu
ogé
ieu kumaha
kitu
ogé
Éta pisan
ogé
gawe
balik
engké
henteu acan
henteu acan
bener
nya éta leres
leres
aya di
tungtung
tungtung
réngsé
sakumaha seueur
naon
naon anu anjeun laksanakeun
naon waé
hartosna
ngamimitian
rupa-rupa
sumping
pasihan
pasihan
handap ieu
teras
sajagi
sababaraha kali
cisa
rék
ngaharep
kalayan hormat
béda
murah
lumangsung deui
kaleuleuwihan
rupa-rupa
seueur jinis
niat
ngamimitian
babarengan
babarengan
siap
keukeuh
naros
heran
sacara suksés
berturut-turut
nyarios
cisa
dina bentuk
gede
leres
éta leres
normal
biasana
iraha
iraha
tiasa
tiasa
tiasa
abdi kénging teu
okÉ
keur
henteu
sanés éta
henteu
henteu
sasih
lalaki
metode
métode
cekap
cekap
cekap
hungkul
baheula
di
jeung
tiasa
tina
tibatan
datang
caket
suki
kukituna
sahingga
jeung
payun
di
anjeunna
réngsé
réngsé
manehna ieu
antawis
diantara aranjeunna
dipasihkeun
dipasihkeun
méré kitu
dilakukeun
manehna kitu
diala
dibagi
dipaké
resep
liked ka éta
ngingetan
ngingetkeun
hayang
némbawab
dilereskeun
anjeunna ngajelaskeun
margi
cisa
saur éta anjeunna
ngan hiji
dipikanyaho
anjeunna terang
panginten
ngan hiji
murah
katingal
disebut
dimaksudkeun
anjeunna hartosna
anjeunna ngarujuk
ngajak
naros ka
salaku conto
ngamimitian
mimiti
ngamimitian
sabisa
awal
negeskeun
ngan hiji
manehna kitu
dipaké
perimulasi
ditingalikeun
dibutuhkeun
duna diperyogikeun
ditebutkeun
ditebutkeun
milik
mandiri
dirina
dikirim
digebungkeun
disebatkeun
saur éta anjeunna
ieuh
ieuh
ditambihan
dipaning
ngajak
ngajak
ngajak
negeskeun
tujuanna
ka ditunjuk
nunjukkeun
nunjukkeun
anjeunna nunjukkeun
anjeunna nunjuk
cisa
saur éta anjeunna
diucapkeun
saur éta anjeunna
wangsit
punten
dua
baheula
opat
henteu
henteu
saha anu terang
saha anu terang
pamakean
pamakean
zat
ampir
hungkul
hungkul
dinten
kedah
kedah
kuduna
hoyong
hayu
kuduna
dugi ka
anjeunna
geus
siga
resep kana éta
resep kana éta
indung
tuturkeun
emut
emut
hoyong
anjeun hoyong
rék
ieu
ieu
ieu
anu
nyaéta
éta
kitu
aya
kitu
entong
hayu
entong
tebih
ngajawabna
ngajawabna
anjeunna ngawaler
jelas
ngajelaskeun
jelas
anjeunna ngajelaskeun
upami
upami
ogé
jumlah
jumlahna
anggun
angs jerat
upami
upami
bahkan upami
anjeun
kami
anjeun
anjeun
ieu téh kitu
leres
iraha
kapan kitu
dimana wae
margi
ku sabab eta
pasualan
ngomong
ngomong
ngomong
saur éta anjeunna
pikeun
kaayaan
sakumaha kajadian
leutik
kadua
duanana
kahayang
panjang teuing
katingali
sigana mah
kalima
kaluar
uih deui
saterusna
kamungkinan
kasempetanana
naha
pikeun
ka dirina
dilegaan
sacara gembleng
kabeh
ngerakeun
iraha
khususna
ayeuna
kinilah
rasa
kira-kira
panginten
kami
kami
naha kumaha
henteu cekap
deui
sajaba ti
lemah
anu sanés
anu sanés
saterusna
panjang
panjang
lajengkeun
anjeunna diteruskeun
tambih deui
baheula
lima
di luar
ngetik
kitu
kitu
tambih deui
rada
sanajan
mampuh
tiasa
di mana
iraha
dimana deui
kali
masalah
masalahna
masih keneh
anjeun tetep
masing-masing
masing-masing
hoyong
atawa
tapi
ngalakukeun
ngalangkungan
tingali
tingalina
tangtosna
mastikeun
pasihan
pasihan
ngadamel
peryogi
sisi
kahoyong
naros
ngalingkasan
perpetrate
pamakean
estimasi
nunjukkeun
nyiapkeun
narualana
tatanya
geus
ngamimitian
sabisa
nanjak
tambihkeun
ngantebkeun
nunggung
nunggung
mimitian
naros
tatanya
naros
kéngingkeun
kéngingkeun
teras
datang
mawa
mastikeun
tungtung
naha
ngomong
ngomong
kira-kira
ngalakukeun
terang
pamakean
rék
likuh
resep kana éta
emut
ngingetkeun
rék
rasa
ngomong
ngomong
nyingkab
janten
ngajawabna
ngajelaskeun
bade ka
nunjukkeun
nunjukkeun
nunjukkeun
nunjukkeun anjeunna
numutkeun kana
cisa
nepikeun
ngeunaan
nagara
nyebut
lengkep
nyiapkeun
ngarasa
aranjeunna
maranéhna nyaéta
geus
leuwih tiheula
sanajan
percanten
ngayakinkeun
naros
mirip
conto
salaku conto
salaku conto
mimitina
ngamimitian
ngamimitian
mimitina
sabisa
éta mungkin waé
ayeuna
pindah rakk
kumaha oge
engké
engké
ampir
kanyataanna
ku
ku anjeunna
dina
padrié
ka anjeunna
pak
paling
panjang
pantes
pra
tangtu
yakin
penting
pentingna
per
teu aya gunana
peryogi
kedahna
peryogi
sakali
masalah
mimitina
anu mimiti
tatanya
tatanya
pesta
pésta
j.
ogé
sanajan
geus
rasa
karasa sapertos
datar
katingalina
moment
waktosna
euy
euy
masing-masing
sami
sawangsulna
bari
dugi ka
dugi ka
nepikeun
tuh
pisan
pisan
hiji
abdi
abdi
taleuk
margi
alesan
salaku
salaku
jend
bagean
saalus
pangsaéna
kuduna
sabalikna
saloba
ieu téh kieu
pisan
sateuacan
saméméhna
saleresna
sakumaha
sarua jeung
saleresna
saloba mungkin
a
ngageroan
nelepon eta
saur éta anjeunna
dina cara
cekap
ayeuna
padrié
kitu
sakedik
sahenteuna
kasarengan
sadaya
sagalana
gancang
kuduna
jadina
jerti
ti saprak
sajauh
sakedap
sababaraha
euy
semeh siga
pisan
aya kalana
sadaya
dina waktos
sanaos
ayeuna
ayeuna
salaku alit
geuwat
upami éta
di sakuriling
di sekit eta dinya
sahenteuna
sahenteuna
ngaganggu
sajaba ti
salaku
salawasna
salila
salilana
salilana
sam tegel
sadaya
sadaya
urat tina
beukiun
saloba mungkin
saloba mungkin
salila
salaku kénéh
nyalira
sakedepan
abdi ngarep
samentawis
salaku conto
salaku conto
atos
sadaya
sagalana
mimiti
nyalira
nyalira
tapna
sa mahal
sa mahal
a
bareng
teu gancang
sakumaha luyu
perlu
siga
sigana mah
unili
sering
sering
sakumaha ogé
mirip
moment
sasama
dugi
sagancang-gancangna
aya kalana
si anu
hiji hal
hiji hal
saatos
saenggeus
saatos
lokal
satengah
kitu
unggal
dugi
kana datangna
sahenteuna
sahenteuna
sakumaha luhur
saatos
iraha
siap
who
who
euweuh sasaha
ieuh
ieu dimana
tatanya
masalahna
hiji hal
enggeus
anjeun gaduh
cekap
jadina
témal
mimitina
terang
sataun
henteu
tambah
anjeunna tambihan
katingali
katingalina
cisa
saur éta anjeunna
tanpa
naros
naros
manehna naros
tapi
teguh
eficly
ngabogaan
tempatna
tengah
kira-kira
tangtosna
yakin
alami
hade
fin
ngarasa
pangseueurna
saméméhna
aya
diwangun ku
pikeun
ngalawan ieu
ngingetan
emut
kajadianana
kajadian
kajadianana
y kitu
teuing
utamina
katingal
kaasup
tétéla
conveyed
na
éta
tangtu
dibenerkeun
lajengkeun
utamina
masih keneh
tapi
masing-masing
sumping
ngadadak
henteu
sanés
no.
tilu
jangkung
barina ogé
nunjukkeun
tuturkeun
cisa
saur éta anjeunna
cisa
saur éta anjeunna
cisa
saur éta anjeunna
umum
umumna
cisa
saur éta anjeunna
keur
taros
saatos
wow
wow
o
waktos
waktos
sanajan
sanajan
nun
éta
tangtu
anyar
dimana
